dialect is the "beginningStudent" module
set []
set [1]
sets: 9 run, 0 failed, 0 errors
