dialect is the "beginningStudent" module
[]
true
[1]
[1, 2, 3, 4, 5, 6]
[6, 5, 4, 3, 2, 1]
set [5, 4, 3, 2, 1, 6]
set []
