classes:
confidential:
 n(1)
 x
dialect:
 standardGrace
fresh-methods:
methodtypes-of:A:
 2 m1(n:Number) → Number
 2 m2(n:Number) → Done
 |
 |
 |
 B⟦T⟧
 other.C
 other.U⟦T⟧
 2
methodtypes-of:D:
 &
 &
 Dictionary⟦K, T⟧
 F
 G
methodtypes-of:H⟦T⟧:
 2 m3(x:T) → T
methodtypes-of:Z:
 3 m4(x:Y) → Y
 4 m5(x:Z) → Z
 &
 3
 4
modules:
path:
 /dev/stdin
public:
 A
 D
 H
 Z
 m(1)
 x:=(1)
 xx
publicMethod:x:=(1):
 x:=(x': Number) → Done
publicMethod:xx:
 xx → Number
publicMethodTypes:
 m(y:Number) → Done
 x:=(x': Number) → Done
 xx → Number
types:
 A
 D
 H⟦T⟧
 Z

