Type error in apply(_,_); error message is
argument 1 to block.apply(_,_) does not have type Number.
It is string Hello (defined in module basic library), which is missing methods %(_), +(_), -(_), ..(_), /(_), @(_), ^(_), abs, acos, asStringDecimals(_), asin, atan, ceiling, cos, downTo(_), exp, floor, inBase(_), isEven, isInteger, isNaN, isOdd, lg, ln, log10, prefix-, prefix<, prefix>, prefix≤, prefix≥, rounded, sgn, sin, sqrt, tan, truncated, and ÷(_).
