Type error in apply(_,_); error message is
argument 1 to block.apply(_,_) does not have type Custom.
It is string Hello (defined in module basic library), which is missing methods +(_) and -(_).
